# stage: legacy-main-configure
# command: C:\Users\ZBY\Desktop\YYZ\GNCSIMZMKN\build\legacy-reproduction\runs\r0-leg-001-20260810-07\deps\w64devkit-extracted\w64devkit\bin\cmake.exe -S C:\Users\ZBY\Desktop\YYZ\GNCSIMZMKN\build\legacy-reproduction\runs\r0-leg-001-20260810-07\source\GNCZMKN-legacy-a63621c -G Ninja -DCMAKE_BUILD_TYPE=Release -DCMAKE_CXX_COMPILER=C:\Users\ZBY\Desktop\YYZ\GNCSIMZMKN\build\legacy-reproduction\runs\r0-leg-001-20260810-07\deps\w64devkit-extracted\w64devkit\bin\g++.exe -DEigen3_DIR=C:\Users\ZBY\Desktop\YYZ\GNCSIMZMKN\build\legacy-reproduction\runs\r0-leg-001-20260810-07\deps\eigen-install\share\eigen3\cmake -B C:\Users\ZBY\Desktop\YYZ\GNCSIMZMKN\build\legacy-reproduction\runs\r0-leg-001-20260810-07\build-main -DBUILD_TESTS=ON -DGNC_BUILD_EXAMPLE_TESTS=ON -DGNC_BUILD_PROJECT_TESTS=ON -DGNC_BUILD_ARCHITECTURE_GUARDS=ON
# working_directory: C:\Users\ZBY\Desktop\YYZ\GNCSIMZMKN\build\legacy-reproduction\runs\r0-leg-001-20260810-07
# started_utc: 2026-08-10T05:17:07.9461294+00:00
# elapsed_seconds: 1.069
# exit_code: 0

-- The CXX compiler identification is GNU 16.2.0
-- Detecting CXX compiler ABI info
-- Detecting CXX compiler ABI info - done
-- Check for working CXX compiler: C:/Users/ZBY/Desktop/YYZ/GNCSIMZMKN/build/legacy-reproduction/runs/r0-leg-001-20260810-07/deps/w64devkit-extracted/w64devkit/bin/g++.exe - skipped
-- Detecting CXX compile features
-- Detecting CXX compile features - done
-- Component discovery mode: user project
-- Active project: example_05_ideal_3dof_geographic_baseline
-- Auto-registered user project component headers: 0
-- Auto-registered stable test project component headers: 6
-- Example mission tests: ON
-- Project research tests: ON
-- Source-scan architecture guards: ON
-- GNC Simulation Framework v2.0.0
-- C++ Standard: 17
-- Build Type: Release
-- User project components dir: C:/Users/ZBY/Desktop/YYZ/GNCSIMZMKN/build/legacy-reproduction/runs/r0-leg-001-20260810-07/source/GNCZMKN-legacy-a63621c/user/example_05_ideal_3dof_geographic_baseline/components
-- Auto-register file: C:/Users/ZBY/Desktop/YYZ/GNCSIMZMKN/build/legacy-reproduction/runs/r0-leg-001-20260810-07/build-main/generated/auto_registered_nodes.hpp
-- Configuring done (0.9s)
-- Generating done (0.1s)
-- Build files have been written to: C:/Users/ZBY/Desktop/YYZ/GNCSIMZMKN/build/legacy-reproduction/runs/r0-leg-001-20260810-07/build-main
