[cmake]
path=C:\Users\17721\Documents\Soft\MSYS64\mingw64\bin\cmake.exe
exit_code=0
cmake version 4.0.3

CMake suite maintained and supported by Kitware (kitware.com/cmake).

[ctest]
path=C:\Users\17721\Documents\Soft\MSYS64\mingw64\bin\ctest.exe
exit_code=0
ctest version 4.0.3

CMake suite maintained and supported by Kitware (kitware.com/cmake).

[cxx]
path=C:\Users\17721\Documents\Soft\MSYS64\mingw64\bin\g++.exe
exit_code=0
g++.exe (Rev7, Built by MSYS2 project) 15.1.0
Copyright (C) 2025 Free Software Foundation, Inc.
This is free software; see the source for copying conditions.  There is NO
warranty; not even for MERCHANTABILITY or FITNESS FOR A PARTICULAR PURPOSE.

[make]
path=C:\Users\17721\Documents\Soft\MSYS64\mingw64\bin\mingw32-make.exe
exit_code=0
GNU Make 4.4.1
Built for Windows32
Copyright (C) 1988-2023 Free Software Foundation, Inc.
License GPLv3+: GNU GPL version 3 or later <https://gnu.org/licenses/gpl.html>
This is free software: you are free to change and redistribute it.
There is NO WARRANTY, to the extent permitted by law.

[ninja]
path=C:\Users\17721\Documents\Soft\MSYS64\mingw64\bin\ninja.exe
exit_code=0
1.13.0

