name: baseline-mission-build
started_at_utc: 2026-08-09T08:13:26.3612365Z
working_directory: C:\Users\17721\Documents\workwork\GNCZMKNBLUEPRINT
command: C:\Users\17721\Documents\Soft\MSYS64\mingw64\bin\cmake.exe --build C:\Users\17721\Documents\workwork\GNCZMKNBLUEPRINT\build\r0-leg-001\runs\20260809T081000Z\build-mission-baseline --target gnc_sim --parallel 4
--- output ---
[ 33%] Building CXX object CMakeFiles/gnc_sim.dir/src/runner.cpp.obj
[ 66%] Building CXX object CMakeFiles/gnc_sim.dir/src/runner_component_registration.cpp.obj
In file included from C:/Users/17721/Documents/workwork/GNCZMKNBLUEPRINT/build/r0-leg-001/runs/20260809T081000Z/mission-extraction/GNCZMKN-legacy-a63621c/framework/include/gnc/bootstrap/register_builtin_packages.hpp:27,
                 from C:/Users/17721/Documents/workwork/GNCZMKNBLUEPRINT/build/r0-leg-001/runs/20260809T081000Z/mission-extraction/GNCZMKN-legacy-a63621c/framework/include/gnc/bootstrap/register_framework_builtins.hpp:3,
                 from C:\Users\17721\Documents\workwork\GNCZMKNBLUEPRINT\build\r0-leg-001\runs\20260809T081000Z\mission-extraction\GNCZMKN-legacy-a63621c\src\runner_component_registration.cpp:3:
C:/Users/17721/Documents/workwork/GNCZMKNBLUEPRINT/build/r0-leg-001/runs/20260809T081000Z/mission-extraction/GNCZMKN-legacy-a63621c/framework/include/gnc/interactions/cartesian_3dof/components/standard_closure.hpp: In member function 'virtual void gnc::interactions::cartesian_3dof::StandardClosure::update(const gnc::core::StepContext&)':
C:/Users/17721/Documents/workwork/GNCZMKNBLUEPRINT/build/r0-leg-001/runs/20260809T081000Z/mission-extraction/GNCZMKN-legacy-a63621c/framework/include/gnc/interactions/cartesian_3dof/components/standard_closure.hpp:74:47: warning: unused parameter 'context' [-Wunused-parameter]
   74 |     void update(const gnc::core::StepContext& context) override { refreshDiagnostics(nullptr); }
      |                 ~~~~~~~~~~~~~~~~~~~~~~~~~~~~~~^~~~~~~
In file included from C:/Users/17721/Documents/workwork/GNCZMKNBLUEPRINT/build/r0-leg-001/runs/20260809T081000Z/mission-extraction/GNCZMKN-legacy-a63621c/framework/include/gnc/bootstrap/register_builtin_packages.hpp:28:
C:/Users/17721/Documents/workwork/GNCZMKNBLUEPRINT/build/r0-leg-001/runs/20260809T081000Z/mission-extraction/GNCZMKN-legacy-a63621c/framework/include/gnc/interactions/cartesian_6dof/components/standard_closure.hpp: In member function 'virtual void gnc::interactions::cartesian_6dof::StandardClosure::update(const gnc::core::StepContext&)':
C:/Users/17721/Documents/workwork/GNCZMKNBLUEPRINT/build/r0-leg-001/runs/20260809T081000Z/mission-extraction/GNCZMKN-legacy-a63621c/framework/include/gnc/interactions/cartesian_6dof/components/standard_closure.hpp:67:47: warning: unused parameter 'context' [-Wunused-parameter]
   67 |     void update(const gnc::core::StepContext& context) override { refreshDiagnostics(); }
      |                 ~~~~~~~~~~~~~~~~~~~~~~~~~~~~~~^~~~~~~
In file included from C:/Users/17721/Documents/workwork/GNCZMKNBLUEPRINT/build/r0-leg-001/runs/20260809T081000Z/mission-extraction/GNCZMKN-legacy-a63621c/framework/include/gnc/bootstrap/register_builtin_packages.hpp:29:
C:/Users/17721/Documents/workwork/GNCZMKNBLUEPRINT/build/r0-leg-001/runs/20260809T081000Z/mission-extraction/GNCZMKN-legacy-a63621c/framework/include/gnc/interactions/local_spherical_3dof/components/standard_closure.hpp: In member function 'virtual void gnc::interactions::local_spherical_3dof::StandardClosure::update(const gnc::core::StepContext&)':
C:/Users/17721/Documents/workwork/GNCZMKNBLUEPRINT/build/r0-leg-001/runs/20260809T081000Z/mission-extraction/GNCZMKN-legacy-a63621c/framework/include/gnc/interactions/local_spherical_3dof/components/standard_closure.hpp:81:47: warning: unused parameter 'context' [-Wunused-parameter]
   81 |     void update(const gnc::core::StepContext& context) override { refreshDiagnostics(nullptr); }
      |                 ~~~~~~~~~~~~~~~~~~~~~~~~~~~~~~^~~~~~~
In file included from C:/Users/17721/Documents/workwork/GNCZMKNBLUEPRINT/build/r0-leg-001/runs/20260809T081000Z/mission-extraction/GNCZMKN-legacy-a63621c/framework/include/gnc/bootstrap/register_builtin_packages.hpp:30:
C:/Users/17721/Documents/workwork/GNCZMKNBLUEPRINT/build/r0-leg-001/runs/20260809T081000Z/mission-extraction/GNCZMKN-legacy-a63621c/framework/include/gnc/interactions/local_spherical_6dof/components/standard_closure.hpp: In member function 'virtual void gnc::interactions::local_spherical_6dof::StandardClosure::update(const gnc::core::StepContext&)':
C:/Users/17721/Documents/workwork/GNCZMKNBLUEPRINT/build/r0-leg-001/runs/20260809T081000Z/mission-extraction/GNCZMKN-legacy-a63621c/framework/include/gnc/interactions/local_spherical_6dof/components/standard_closure.hpp:70:47: warning: unused parameter 'context' [-Wunused-parameter]
   70 |     void update(const gnc::core::StepContext& context) override { refreshDiagnostics(nullptr); }
      |                 ~~~~~~~~~~~~~~~~~~~~~~~~~~~~~~^~~~~~~
In file included from C:/Users/17721/Documents/workwork/GNCZMKNBLUEPRINT/build/r0-leg-001/runs/20260809T081000Z/mission-extraction/GNCZMKN-legacy-a63621c/framework/include/gnc/bootstrap/register_builtin_packages.hpp:39:
C:/Users/17721/Documents/workwork/GNCZMKNBLUEPRINT/build/r0-leg-001/runs/20260809T081000Z/mission-extraction/GNCZMKN-legacy-a63621c/framework/include/gnc/summary/components/ideal_engagement_summary_cartesian_3dof.hpp: In member function 'virtual void gnc::summary::IdealEngagementSummaryCartesian3Dof::update(const gnc::core::StepContext&)':
C:/Users/17721/Documents/workwork/GNCZMKNBLUEPRINT/build/r0-leg-001/runs/20260809T081000Z/mission-extraction/GNCZMKN-legacy-a63621c/framework/include/gnc/summary/components/ideal_engagement_summary_cartesian_3dof.hpp:57:47: warning: unused parameter 'context' [-Wunused-parameter]
   57 |     void update(const gnc::core::StepContext& context) override {
      |                 ~~~~~~~~~~~~~~~~~~~~~~~~~~~~~~^~~~~~~
In file included from C:/Users/17721/Documents/workwork/GNCZMKNBLUEPRINT/build/r0-leg-001/runs/20260809T081000Z/mission-extraction/GNCZMKN-legacy-a63621c/framework/include/gnc/bootstrap/register_builtin_packages.hpp:40:
C:/Users/17721/Documents/workwork/GNCZMKNBLUEPRINT/build/r0-leg-001/runs/20260809T081000Z/mission-extraction/GNCZMKN-legacy-a63621c/framework/include/gnc/summary/components/ideal_engagement_summary_cartesian_6dof.hpp: In member function 'virtual void gnc::summary::IdealEngagementSummaryCartesian6Dof::update(const gnc::core::StepContext&)':
C:/Users/17721/Documents/workwork/GNCZMKNBLUEPRINT/build/r0-leg-001/runs/20260809T081000Z/mission-extraction/GNCZMKN-legacy-a63621c/framework/include/gnc/summary/components/ideal_engagement_summary_cartesian_6dof.hpp:55:47: warning: unused parameter 'context' [-Wunused-parameter]
   55 |     void update(const gnc::core::StepContext& context) override {
      |                 ~~~~~~~~~~~~~~~~~~~~~~~~~~~~~~^~~~~~~
In file included from C:/Users/17721/Documents/workwork/GNCZMKNBLUEPRINT/build/r0-leg-001/runs/20260809T081000Z/mission-extraction/GNCZMKN-legacy-a63621c/framework/include/gnc/bootstrap/register_builtin_packages.hpp:41:
C:/Users/17721/Documents/workwork/GNCZMKNBLUEPRINT/build/r0-leg-001/runs/20260809T081000Z/mission-extraction/GNCZMKN-legacy-a63621c/framework/include/gnc/summary/components/ideal_engagement_summary_3dof.hpp: In member function 'virtual void gnc::summary::IdealEngagementSummary3Dof::update(const gnc::core::StepContext&)':
C:/Users/17721/Documents/workwork/GNCZMKNBLUEPRINT/build/r0-leg-001/runs/20260809T081000Z/mission-extraction/GNCZMKN-legacy-a63621c/framework/include/gnc/summary/components/ideal_engagement_summary_3dof.hpp:57:47: warning: unused parameter 'context' [-Wunused-parameter]
   57 |     void update(const gnc::core::StepContext& context) override {
      |                 ~~~~~~~~~~~~~~~~~~~~~~~~~~~~~~^~~~~~~
In file included from C:/Users/17721/Documents/workwork/GNCZMKNBLUEPRINT/build/r0-leg-001/runs/20260809T081000Z/mission-extraction/GNCZMKN-legacy-a63621c/framework/include/gnc/bootstrap/register_builtin_packages.hpp:42:
C:/Users/17721/Documents/workwork/GNCZMKNBLUEPRINT/build/r0-leg-001/runs/20260809T081000Z/mission-extraction/GNCZMKN-legacy-a63621c/framework/include/gnc/summary/components/ideal_engagement_summary.hpp: In member function 'virtual void gnc::summary::IdealEngagementSummary6Dof::update(const gnc::core::StepContext&)':
C:/Users/17721/Documents/workwork/GNCZMKNBLUEPRINT/build/r0-leg-001/runs/20260809T081000Z/mission-extraction/GNCZMKN-legacy-a63621c/framework/include/gnc/summary/components/ideal_engagement_summary.hpp:55:47: warning: unused parameter 'context' [-Wunused-parameter]
   55 |     void update(const gnc::core::StepContext& context) override {
      |                 ~~~~~~~~~~~~~~~~~~~~~~~~~~~~~~^~~~~~~
In file included from C:/Users/17721/Documents/workwork/GNCZMKNBLUEPRINT/build/r0-leg-001/runs/20260809T081000Z/mission-extraction/GNCZMKN-legacy-a63621c/framework/include/gnc/bootstrap/register_builtin_packages.hpp:43:
C:/Users/17721/Documents/workwork/GNCZMKNBLUEPRINT/build/r0-leg-001/runs/20260809T081000Z/mission-extraction/GNCZMKN-legacy-a63621c/framework/include/gnc/vehicle/input/components/ideal_cartesian_air_data_3dof.hpp: In member function 'virtual void gnc::vehicle::input::IdealCartesianAirData3Dof::update(const gnc::core::StepContext&)':
C:/Users/17721/Documents/workwork/GNCZMKNBLUEPRINT/build/r0-leg-001/runs/20260809T081000Z/mission-extraction/GNCZMKN-legacy-a63621c/framework/include/gnc/vehicle/input/components/ideal_cartesian_air_data_3dof.hpp:42:47: warning: unused parameter 'context' [-Wunused-parameter]
   42 |     void update(const gnc::core::StepContext& context) override {
      |                 ~~~~~~~~~~~~~~~~~~~~~~~~~~~~~~^~~~~~~
In file included from C:/Users/17721/Documents/workwork/GNCZMKNBLUEPRINT/build/r0-leg-001/runs/20260809T081000Z/mission-extraction/GNCZMKN-legacy-a63621c/framework/include/gnc/bootstrap/register_builtin_packages.hpp:44:
C:/Users/17721/Documents/workwork/GNCZMKNBLUEPRINT/build/r0-leg-001/runs/20260809T081000Z/mission-extraction/GNCZMKN-legacy-a63621c/framework/include/gnc/vehicle/input/components/ideal_cartesian_air_data_6dof.hpp: In member function 'virtual void gnc::vehicle::input::IdealCartesianAirData6Dof::update(const gnc::core::StepContext&)':
C:/Users/17721/Documents/workwork/GNCZMKNBLUEPRINT/build/r0-leg-001/runs/20260809T081000Z/mission-extraction/GNCZMKN-legacy-a63621c/framework/include/gnc/vehicle/input/components/ideal_cartesian_air_data_6dof.hpp:42:47: warning: unused parameter 'context' [-Wunused-parameter]
   42 |     void update(const gnc::core::StepContext& context) override {
      |                 ~~~~~~~~~~~~~~~~~~~~~~~~~~~~~~^~~~~~~
In file included from C:/Users/17721/Documents/workwork/GNCZMKNBLUEPRINT/build/r0-leg-001/runs/20260809T081000Z/mission-extraction/GNCZMKN-legacy-a63621c/framework/include/gnc/bootstrap/register_builtin_packages.hpp:45:
C:/Users/17721/Documents/workwork/GNCZMKNBLUEPRINT/build/r0-leg-001/runs/20260809T081000Z/mission-extraction/GNCZMKN-legacy-a63621c/framework/include/gnc/vehicle/input/components/ideal_cartesian_imu_3dof.hpp: In member function 'virtual void gnc::vehicle::input::IdealCartesianImu3Dof::update(const gnc::core::StepContext&)':
C:/Users/17721/Documents/workwork/GNCZMKNBLUEPRINT/build/r0-leg-001/runs/20260809T081000Z/mission-extraction/GNCZMKN-legacy-a63621c/framework/include/gnc/vehicle/input/components/ideal_cartesian_imu_3dof.hpp:36:47: warning: unused parameter 'context' [-Wunused-parameter]
   36 |     void update(const gnc::core::StepContext& context) override {
      |                 ~~~~~~~~~~~~~~~~~~~~~~~~~~~~~~^~~~~~~
In file included from C:/Users/17721/Documents/workwork/GNCZMKNBLUEPRINT/build/r0-leg-001/runs/20260809T081000Z/mission-extraction/GNCZMKN-legacy-a63621c/framework/include/gnc/bootstrap/register_builtin_packages.hpp:46:
C:/Users/17721/Documents/workwork/GNCZMKNBLUEPRINT/build/r0-leg-001/runs/20260809T081000Z/mission-extraction/GNCZMKN-legacy-a63621c/framework/include/gnc/vehicle/input/components/ideal_cartesian_imu_6dof.hpp: In member function 'virtual void gnc::vehicle::input::IdealCartesianImu6Dof::update(const gnc::core::StepContext&)':
C:/Users/17721/Documents/workwork/GNCZMKNBLUEPRINT/build/r0-leg-001/runs/20260809T081000Z/mission-extraction/GNCZMKN-legacy-a63621c/framework/include/gnc/vehicle/input/components/ideal_cartesian_imu_6dof.hpp:33:47: warning: unused parameter 'context' [-Wunused-parameter]
   33 |     void update(const gnc::core::StepContext& context) override {
      |                 ~~~~~~~~~~~~~~~~~~~~~~~~~~~~~~^~~~~~~
In file included from C:/Users/17721/Documents/workwork/GNCZMKNBLUEPRINT/build/r0-leg-001/runs/20260809T081000Z/mission-extraction/GNCZMKN-legacy-a63621c/framework/include/gnc/bootstrap/register_builtin_packages.hpp:47:
C:/Users/17721/Documents/workwork/GNCZMKNBLUEPRINT/build/r0-leg-001/runs/20260809T081000Z/mission-extraction/GNCZMKN-legacy-a63621c/framework/include/gnc/vehicle/input/components/ideal_cartesian_satellite_nav_3dof.hpp: In member function 'virtual void gnc::vehicle::input::IdealCartesianSatelliteNav3Dof::update(const gnc::core::StepContext&)':
C:/Users/17721/Documents/workwork/GNCZMKNBLUEPRINT/build/r0-leg-001/runs/20260809T081000Z/mission-extraction/GNCZMKN-legacy-a63621c/framework/include/gnc/vehicle/input/components/ideal_cartesian_satellite_nav_3dof.hpp:38:47: warning: unused parameter 'context' [-Wunused-parameter]
   38 |     void update(const gnc::core::StepContext& context) override {
      |                 ~~~~~~~~~~~~~~~~~~~~~~~~~~~~~~^~~~~~~
In file included from C:/Users/17721/Documents/workwork/GNCZMKNBLUEPRINT/build/r0-leg-001/runs/20260809T081000Z/mission-extraction/GNCZMKN-legacy-a63621c/framework/include/gnc/bootstrap/register_builtin_packages.hpp:48:
C:/Users/17721/Documents/workwork/GNCZMKNBLUEPRINT/build/r0-leg-001/runs/20260809T081000Z/mission-extraction/GNCZMKN-legacy-a63621c/framework/include/gnc/vehicle/input/components/ideal_cartesian_satellite_nav_6dof.hpp: In member function 'virtual void gnc::vehicle::input::IdealCartesianSatelliteNav6Dof::update(const gnc::core::StepContext&)':
C:/Users/17721/Documents/workwork/GNCZMKNBLUEPRINT/build/r0-leg-001/runs/20260809T081000Z/mission-extraction/GNCZMKN-legacy-a63621c/framework/include/gnc/vehicle/input/components/ideal_cartesian_satellite_nav_6dof.hpp:35:47: warning: unused parameter 'context' [-Wunused-parameter]
   35 |     void update(const gnc::core::StepContext& context) override {
      |                 ~~~~~~~~~~~~~~~~~~~~~~~~~~~~~~^~~~~~~
In file included from C:/Users/17721/Documents/workwork/GNCZMKNBLUEPRINT/build/r0-leg-001/runs/20260809T081000Z/mission-extraction/GNCZMKN-legacy-a63621c/framework/include/gnc/bootstrap/register_builtin_packages.hpp:49:
C:/Users/17721/Documents/workwork/GNCZMKNBLUEPRINT/build/r0-leg-001/runs/20260809T081000Z/mission-extraction/GNCZMKN-legacy-a63621c/framework/include/gnc/vehicle/input/components/ideal_cartesian_seeker_3dof.hpp: In member function 'virtual void gnc::vehicle::input::IdealCartesianSeeker3Dof::update(const gnc::core::StepContext&)':
C:/Users/17721/Documents/workwork/GNCZMKNBLUEPRINT/build/r0-leg-001/runs/20260809T081000Z/mission-extraction/GNCZMKN-legacy-a63621c/framework/include/gnc/vehicle/input/components/ideal_cartesian_seeker_3dof.hpp:39:47: warning: unused parameter 'context' [-Wunused-parameter]
   39 |     void update(const gnc::core::StepContext& context) override {
      |                 ~~~~~~~~~~~~~~~~~~~~~~~~~~~~~~^~~~~~~
In file included from C:/Users/17721/Documents/workwork/GNCZMKNBLUEPRINT/build/r0-leg-001/runs/20260809T081000Z/mission-extraction/GNCZMKN-legacy-a63621c/framework/include/gnc/bootstrap/register_builtin_packages.hpp:50:
C:/Users/17721/Documents/workwork/GNCZMKNBLUEPRINT/build/r0-leg-001/runs/20260809T081000Z/mission-extraction/GNCZMKN-legacy-a63621c/framework/include/gnc/vehicle/input/components/ideal_cartesian_seeker_6dof.hpp: In member function 'virtual void gnc::vehicle::input::IdealCartesianSeeker6Dof::update(const gnc::core::StepContext&)':
C:/Users/17721/Documents/workwork/GNCZMKNBLUEPRINT/build/r0-leg-001/runs/20260809T081000Z/mission-extraction/GNCZMKN-legacy-a63621c/framework/include/gnc/vehicle/input/components/ideal_cartesian_seeker_6dof.hpp:39:47: warning: unused parameter 'context' [-Wunused-parameter]
   39 |     void update(const gnc::core::StepContext& context) override {
      |                 ~~~~~~~~~~~~~~~~~~~~~~~~~~~~~~^~~~~~~
In file included from C:/Users/17721/Documents/workwork/GNCZMKNBLUEPRINT/build/r0-leg-001/runs/20260809T081000Z/mission-extraction/GNCZMKN-legacy-a63621c/framework/include/gnc/bootstrap/register_builtin_packages.hpp:51:
C:/Users/17721/Documents/workwork/GNCZMKNBLUEPRINT/build/r0-leg-001/runs/20260809T081000Z/mission-extraction/GNCZMKN-legacy-a63621c/framework/include/gnc/vehicle/input/components/ideal_air_data_3dof.hpp: In member function 'virtual void gnc::vehicle::input::IdealAirData3Dof::update(const gnc::core::StepContext&)':
C:/Users/17721/Documents/workwork/GNCZMKNBLUEPRINT/build/r0-leg-001/runs/20260809T081000Z/mission-extraction/GNCZMKN-legacy-a63621c/framework/include/gnc/vehicle/input/components/ideal_air_data_3dof.hpp:41:47: warning: unused parameter 'context' [-Wunused-parameter]
   41 |     void update(const gnc::core::StepContext& context) override {
      |                 ~~~~~~~~~~~~~~~~~~~~~~~~~~~~~~^~~~~~~
In file included from C:/Users/17721/Documents/workwork/GNCZMKNBLUEPRINT/build/r0-leg-001/runs/20260809T081000Z/mission-extraction/GNCZMKN-legacy-a63621c/framework/include/gnc/bootstrap/register_builtin_packages.hpp:52:
C:/Users/17721/Documents/workwork/GNCZMKNBLUEPRINT/build/r0-leg-001/runs/20260809T081000Z/mission-extraction/GNCZMKN-legacy-a63621c/framework/include/gnc/vehicle/input/components/ideal_air_data_6dof.hpp: In member function 'virtual void gnc::vehicle::input::IdealAirData6Dof::update(const gnc::core::StepContext&)':
C:/Users/17721/Documents/workwork/GNCZMKNBLUEPRINT/build/r0-leg-001/runs/20260809T081000Z/mission-extraction/GNCZMKN-legacy-a63621c/framework/include/gnc/vehicle/input/components/ideal_air_data_6dof.hpp:41:47: warning: unused parameter 'context' [-Wunused-parameter]
   41 |     void update(const gnc::core::StepContext& context) override {
      |                 ~~~~~~~~~~~~~~~~~~~~~~~~~~~~~~^~~~~~~
In file included from C:/Users/17721/Documents/workwork/GNCZMKNBLUEPRINT/build/r0-leg-001/runs/20260809T081000Z/mission-extraction/GNCZMKN-legacy-a63621c/framework/include/gnc/bootstrap/register_builtin_packages.hpp:53:
C:/Users/17721/Documents/workwork/GNCZMKNBLUEPRINT/build/r0-leg-001/runs/20260809T081000Z/mission-extraction/GNCZMKN-legacy-a63621c/framework/include/gnc/vehicle/input/components/ideal_imu_3dof.hpp: In member function 'virtual void gnc::vehicle::input::IdealImu3Dof::update(const gnc::core::StepContext&)':
C:/Users/17721/Documents/workwork/GNCZMKNBLUEPRINT/build/r0-leg-001/runs/20260809T081000Z/mission-extraction/GNCZMKN-legacy-a63621c/framework/include/gnc/vehicle/input/components/ideal_imu_3dof.hpp:33:47: warning: unused parameter 'context' [-Wunused-parameter]
   33 |     void update(const gnc::core::StepContext& context) override {
      |                 ~~~~~~~~~~~~~~~~~~~~~~~~~~~~~~^~~~~~~
In file included from C:/Users/17721/Documents/workwork/GNCZMKNBLUEPRINT/build/r0-leg-001/runs/20260809T081000Z/mission-extraction/GNCZMKN-legacy-a63621c/framework/include/gnc/bootstrap/register_builtin_packages.hpp:54:
C:/Users/17721/Documents/workwork/GNCZMKNBLUEPRINT/build/r0-leg-001/runs/20260809T081000Z/mission-extraction/GNCZMKN-legacy-a63621c/framework/include/gnc/vehicle/input/components/ideal_imu_6dof.hpp: In member function 'virtual void gnc::vehicle::input::IdealImu6Dof::update(const gnc::core::StepContext&)':
C:/Users/17721/Documents/workwork/GNCZMKNBLUEPRINT/build/r0-leg-001/runs/20260809T081000Z/mission-extraction/GNCZMKN-legacy-a63621c/framework/include/gnc/vehicle/input/components/ideal_imu_6dof.hpp:33:47: warning: unused parameter 'context' [-Wunused-parameter]
   33 |     void update(const gnc::core::StepContext& context) override {
      |                 ~~~~~~~~~~~~~~~~~~~~~~~~~~~~~~^~~~~~~
In file included from C:/Users/17721/Documents/workwork/GNCZMKNBLUEPRINT/build/r0-leg-001/runs/20260809T081000Z/mission-extraction/GNCZMKN-legacy-a63621c/framework/include/gnc/bootstrap/register_builtin_packages.hpp:55:
C:/Users/17721/Documents/workwork/GNCZMKNBLUEPRINT/build/r0-leg-001/runs/20260809T081000Z/mission-extraction/GNCZMKN-legacy-a63621c/framework/include/gnc/vehicle/input/components/ideal_satellite_nav_3dof.hpp: In member function 'virtual void gnc::vehicle::input::IdealSatelliteNav3Dof::update(const gnc::core::StepContext&)':
C:/Users/17721/Documents/workwork/GNCZMKNBLUEPRINT/build/r0-leg-001/runs/20260809T081000Z/mission-extraction/GNCZMKN-legacy-a63621c/framework/include/gnc/vehicle/input/components/ideal_satellite_nav_3dof.hpp:33:47: warning: unused parameter 'context' [-Wunused-parameter]
   33 |     void update(const gnc::core::StepContext& context) override {
      |                 ~~~~~~~~~~~~~~~~~~~~~~~~~~~~~~^~~~~~~
In file included from C:/Users/17721/Documents/workwork/GNCZMKNBLUEPRINT/build/r0-leg-001/runs/20260809T081000Z/mission-extraction/GNCZMKN-legacy-a63621c/framework/include/gnc/bootstrap/register_builtin_packages.hpp:56:
C:/Users/17721/Documents/workwork/GNCZMKNBLUEPRINT/build/r0-leg-001/runs/20260809T081000Z/mission-extraction/GNCZMKN-legacy-a63621c/framework/include/gnc/vehicle/input/components/ideal_satellite_nav_6dof.hpp: In member function 'virtual void gnc::vehicle::input::IdealSatelliteNav6Dof::update(const gnc::core::StepContext&)':
C:/Users/17721/Documents/workwork/GNCZMKNBLUEPRINT/build/r0-leg-001/runs/20260809T081000Z/mission-extraction/GNCZMKN-legacy-a63621c/framework/include/gnc/vehicle/input/components/ideal_satellite_nav_6dof.hpp:33:47: warning: unused parameter 'context' [-Wunused-parameter]
   33 |     void update(const gnc::core::StepContext& context) override {
      |                 ~~~~~~~~~~~~~~~~~~~~~~~~~~~~~~^~~~~~~
In file included from C:/Users/17721/Documents/workwork/GNCZMKNBLUEPRINT/build/r0-leg-001/runs/20260809T081000Z/mission-extraction/GNCZMKN-legacy-a63621c/framework/include/gnc/bootstrap/register_builtin_packages.hpp:57:
C:/Users/17721/Documents/workwork/GNCZMKNBLUEPRINT/build/r0-leg-001/runs/20260809T081000Z/mission-extraction/GNCZMKN-legacy-a63621c/framework/include/gnc/vehicle/input/components/ideal_seeker_3dof.hpp: In member function 'virtual void gnc::vehicle::input::IdealSeeker3Dof::update(const gnc::core::StepContext&)':
C:/Users/17721/Documents/workwork/GNCZMKNBLUEPRINT/build/r0-leg-001/runs/20260809T081000Z/mission-extraction/GNCZMKN-legacy-a63621c/framework/include/gnc/vehicle/input/components/ideal_seeker_3dof.hpp:38:47: warning: unused parameter 'context' [-Wunused-parameter]
   38 |     void update(const gnc::core::StepContext& context) override {
      |                 ~~~~~~~~~~~~~~~~~~~~~~~~~~~~~~^~~~~~~
In file included from C:/Users/17721/Documents/workwork/GNCZMKNBLUEPRINT/build/r0-leg-001/runs/20260809T081000Z/mission-extraction/GNCZMKN-legacy-a63621c/framework/include/gnc/bootstrap/register_builtin_packages.hpp:58:
C:/Users/17721/Documents/workwork/GNCZMKNBLUEPRINT/build/r0-leg-001/runs/20260809T081000Z/mission-extraction/GNCZMKN-legacy-a63621c/framework/include/gnc/vehicle/input/components/ideal_seeker_6dof.hpp: In member function 'virtual void gnc::vehicle::input::IdealSeeker6Dof::update(const gnc::core::StepContext&)':
C:/Users/17721/Documents/workwork/GNCZMKNBLUEPRINT/build/r0-leg-001/runs/20260809T081000Z/mission-extraction/GNCZMKN-legacy-a63621c/framework/include/gnc/vehicle/input/components/ideal_seeker_6dof.hpp:40:47: warning: unused parameter 'context' [-Wunused-parameter]
   40 |     void update(const gnc::core::StepContext& context) override {
      |                 ~~~~~~~~~~~~~~~~~~~~~~~~~~~~~~^~~~~~~
In file included from C:/Users/17721/Documents/workwork/GNCZMKNBLUEPRINT/build/r0-leg-001/runs/20260809T081000Z/mission-extraction/GNCZMKN-legacy-a63621c/framework/include/gnc/bootstrap/register_builtin_packages.hpp:71:
C:/Users/17721/Documents/workwork/GNCZMKNBLUEPRINT/build/r0-leg-001/runs/20260809T081000Z/mission-extraction/GNCZMKN-legacy-a63621c/framework/include/gnc/vehicle/process/components/ideal_control_allocation_3dof.hpp: In member function 'virtual void gnc::vehicle::process::IdealControlAllocation3Dof::update(const gnc::core::StepContext&)':
C:/Users/17721/Documents/workwork/GNCZMKNBLUEPRINT/build/r0-leg-001/runs/20260809T081000Z/mission-extraction/GNCZMKN-legacy-a63621c/framework/include/gnc/vehicle/process/components/ideal_control_allocation_3dof.hpp:37:47: warning: unused parameter 'context' [-Wunused-parameter]
   37 |     void update(const gnc::core::StepContext& context) override {
      |                 ~~~~~~~~~~~~~~~~~~~~~~~~~~~~~~^~~~~~~
In file included from C:/Users/17721/Documents/workwork/GNCZMKNBLUEPRINT/build/r0-leg-001/runs/20260809T081000Z/mission-extraction/GNCZMKN-legacy-a63621c/framework/include/gnc/bootstrap/register_builtin_packages.hpp:72:
C:/Users/17721/Documents/workwork/GNCZMKNBLUEPRINT/build/r0-leg-001/runs/20260809T081000Z/mission-extraction/GNCZMKN-legacy-a63621c/framework/include/gnc/vehicle/process/components/ideal_flight_control_3dof.hpp: In member function 'virtual void gnc::vehicle::process::IdealFlightControl3Dof::update(const gnc::core::StepContext&)':
C:/Users/17721/Documents/workwork/GNCZMKNBLUEPRINT/build/r0-leg-001/runs/20260809T081000Z/mission-extraction/GNCZMKN-legacy-a63621c/framework/include/gnc/vehicle/process/components/ideal_flight_control_3dof.hpp:33:47: warning: unused parameter 'context' [-Wunused-parameter]
   33 |     void update(const gnc::core::StepContext& context) override {
      |                 ~~~~~~~~~~~~~~~~~~~~~~~~~~~~~~^~~~~~~
In file included from C:/Users/17721/Documents/workwork/GNCZMKNBLUEPRINT/build/r0-leg-001/runs/20260809T081000Z/mission-extraction/GNCZMKN-legacy-a63621c/framework/include/gnc/bootstrap/register_builtin_packages.hpp:73:
C:/Users/17721/Documents/workwork/GNCZMKNBLUEPRINT/build/r0-leg-001/runs/20260809T081000Z/mission-extraction/GNCZMKN-legacy-a63621c/framework/include/gnc/vehicle/process/components/ideal_guidance_3dof.hpp: In member function 'virtual void gnc::vehicle::process::IdealGuidance3Dof::update(const gnc::core::StepContext&)':
C:/Users/17721/Documents/workwork/GNCZMKNBLUEPRINT/build/r0-leg-001/runs/20260809T081000Z/mission-extraction/GNCZMKN-legacy-a63621c/framework/include/gnc/vehicle/process/components/ideal_guidance_3dof.hpp:38:47: warning: unused parameter 'context' [-Wunused-parameter]
   38 |     void update(const gnc::core::StepContext& context) override {
      |                 ~~~~~~~~~~~~~~~~~~~~~~~~~~~~~~^~~~~~~
In file included from C:/Users/17721/Documents/workwork/GNCZMKNBLUEPRINT/build/r0-leg-001/runs/20260809T081000Z/mission-extraction/GNCZMKN-legacy-a63621c/framework/include/gnc/bootstrap/register_builtin_packages.hpp:74:
C:/Users/17721/Documents/workwork/GNCZMKNBLUEPRINT/build/r0-leg-001/runs/20260809T081000Z/mission-extraction/GNCZMKN-legacy-a63621c/framework/include/gnc/vehicle/process/components/ideal_navigation_3dof.hpp: In member function 'virtual void gnc::vehicle::process::IdealNavigation3Dof::update(const gnc::core::StepContext&)':
C:/Users/17721/Documents/workwork/GNCZMKNBLUEPRINT/build/r0-leg-001/runs/20260809T081000Z/mission-extraction/GNCZMKN-legacy-a63621c/framework/include/gnc/vehicle/process/components/ideal_navigation_3dof.hpp:38:47: warning: unused parameter 'context' [-Wunused-parameter]
   38 |     void update(const gnc::core::StepContext& context) override {
      |                 ~~~~~~~~~~~~~~~~~~~~~~~~~~~~~~^~~~~~~
In file included from C:/Users/17721/Documents/workwork/GNCZMKNBLUEPRINT/build/r0-leg-001/runs/20260809T081000Z/mission-extraction/GNCZMKN-legacy-a63621c/framework/include/gnc/bootstrap/register_builtin_packages.hpp:76:
C:/Users/17721/Documents/workwork/GNCZMKNBLUEPRINT/build/r0-leg-001/runs/20260809T081000Z/mission-extraction/GNCZMKN-legacy-a63621c/framework/include/gnc/vehicle/process/components/ideal_target_tracking_3dof.hpp: In member function 'virtual void gnc::vehicle::process::IdealTargetTracking3Dof::update(const gnc::core::StepContext&)':
C:/Users/17721/Documents/workwork/GNCZMKNBLUEPRINT/build/r0-leg-001/runs/20260809T081000Z/mission-extraction/GNCZMKN-legacy-a63621c/framework/include/gnc/vehicle/process/components/ideal_target_tracking_3dof.hpp:35:47: warning: unused parameter 'context' [-Wunused-parameter]
   35 |     void update(const gnc::core::StepContext& context) override {
      |                 ~~~~~~~~~~~~~~~~~~~~~~~~~~~~~~^~~~~~~
In file included from C:/Users/17721/Documents/workwork/GNCZMKNBLUEPRINT/build/r0-leg-001/runs/20260809T081000Z/mission-extraction/GNCZMKN-legacy-a63621c/framework/include/gnc/bootstrap/register_builtin_packages.hpp:77:
C:/Users/17721/Documents/workwork/GNCZMKNBLUEPRINT/build/r0-leg-001/runs/20260809T081000Z/mission-extraction/GNCZMKN-legacy-a63621c/framework/include/gnc/vehicle/process/components/ideal_trajectory_planner_3dof.hpp: In member function 'virtual void gnc::vehicle::process::IdealTrajectoryPlanner3Dof::update(const gnc::core::StepContext&)':
C:/Users/17721/Documents/workwork/GNCZMKNBLUEPRINT/build/r0-leg-001/runs/20260809T081000Z/mission-extraction/GNCZMKN-legacy-a63621c/framework/include/gnc/vehicle/process/components/ideal_trajectory_planner_3dof.hpp:35:47: warning: unused parameter 'context' [-Wunused-parameter]
   35 |     void update(const gnc::core::StepContext& context) override {
      |                 ~~~~~~~~~~~~~~~~~~~~~~~~~~~~~~^~~~~~~
In file included from C:/Users/17721/Documents/workwork/GNCZMKNBLUEPRINT/build/r0-leg-001/runs/20260809T081000Z/mission-extraction/GNCZMKN-legacy-a63621c/framework/include/gnc/bootstrap/register_builtin_packages.hpp:78:
C:/Users/17721/Documents/workwork/GNCZMKNBLUEPRINT/build/r0-leg-001/runs/20260809T081000Z/mission-extraction/GNCZMKN-legacy-a63621c/framework/include/gnc/vehicle/process/components/ideal_attitude_control_6dof.hpp: In member function 'virtual void gnc::vehicle::process::IdealAttitudeControl6Dof::update(const gnc::core::StepContext&)':
C:/Users/17721/Documents/workwork/GNCZMKNBLUEPRINT/build/r0-leg-001/runs/20260809T081000Z/mission-extraction/GNCZMKN-legacy-a63621c/framework/include/gnc/vehicle/process/components/ideal_attitude_control_6dof.hpp:34:47: warning: unused parameter 'context' [-Wunused-parameter]
   34 |     void update(const gnc::core::StepContext& context) override {
      |                 ~~~~~~~~~~~~~~~~~~~~~~~~~~~~~~^~~~~~~
In file included from C:/Users/17721/Documents/workwork/GNCZMKNBLUEPRINT/build/r0-leg-001/runs/20260809T081000Z/mission-extraction/GNCZMKN-legacy-a63621c/framework/include/gnc/bootstrap/register_builtin_packages.hpp:79:
C:/Users/17721/Documents/workwork/GNCZMKNBLUEPRINT/build/r0-leg-001/runs/20260809T081000Z/mission-extraction/GNCZMKN-legacy-a63621c/framework/include/gnc/vehicle/process/components/ideal_control_allocation_6dof.hpp: In member function 'virtual void gnc::vehicle::process::IdealControlAllocation6Dof::update(const gnc::core::StepContext&)':
C:/Users/17721/Documents/workwork/GNCZMKNBLUEPRINT/build/r0-leg-001/runs/20260809T081000Z/mission-extraction/GNCZMKN-legacy-a63621c/framework/include/gnc/vehicle/process/components/ideal_control_allocation_6dof.hpp:36:47: warning: unused parameter 'context' [-Wunused-parameter]
   36 |     void update(const gnc::core::StepContext& context) override {
      |                 ~~~~~~~~~~~~~~~~~~~~~~~~~~~~~~^~~~~~~
In file included from C:/Users/17721/Documents/workwork/GNCZMKNBLUEPRINT/build/r0-leg-001/runs/20260809T081000Z/mission-extraction/GNCZMKN-legacy-a63621c/framework/include/gnc/bootstrap/register_builtin_packages.hpp:80:
C:/Users/17721/Documents/workwork/GNCZMKNBLUEPRINT/build/r0-leg-001/runs/20260809T081000Z/mission-extraction/GNCZMKN-legacy-a63621c/framework/include/gnc/vehicle/process/components/ideal_guidance_6dof.hpp: In member function 'virtual void gnc::vehicle::process::IdealGuidance6Dof::update(const gnc::core::StepContext&)':
C:/Users/17721/Documents/workwork/GNCZMKNBLUEPRINT/build/r0-leg-001/runs/20260809T081000Z/mission-extraction/GNCZMKN-legacy-a63621c/framework/include/gnc/vehicle/process/components/ideal_guidance_6dof.hpp:33:47: warning: unused parameter 'context' [-Wunused-parameter]
   33 |     void update(const gnc::core::StepContext& context) override {
      |                 ~~~~~~~~~~~~~~~~~~~~~~~~~~~~~~^~~~~~~
In file included from C:/Users/17721/Documents/workwork/GNCZMKNBLUEPRINT/build/r0-leg-001/runs/20260809T081000Z/mission-extraction/GNCZMKN-legacy-a63621c/framework/include/gnc/bootstrap/register_builtin_packages.hpp:81:
C:/Users/17721/Documents/workwork/GNCZMKNBLUEPRINT/build/r0-leg-001/runs/20260809T081000Z/mission-extraction/GNCZMKN-legacy-a63621c/framework/include/gnc/vehicle/process/components/ideal_navigation_6dof.hpp: In member function 'virtual void gnc::vehicle::process::IdealNavigation6Dof::update(const gnc::core::StepContext&)':
C:/Users/17721/Documents/workwork/GNCZMKNBLUEPRINT/build/r0-leg-001/runs/20260809T081000Z/mission-extraction/GNCZMKN-legacy-a63621c/framework/include/gnc/vehicle/process/components/ideal_navigation_6dof.hpp:38:47: warning: unused parameter 'context' [-Wunused-parameter]
   38 |     void update(const gnc::core::StepContext& context) override {
      |                 ~~~~~~~~~~~~~~~~~~~~~~~~~~~~~~^~~~~~~
In file included from C:/Users/17721/Documents/workwork/GNCZMKNBLUEPRINT/build/r0-leg-001/runs/20260809T081000Z/mission-extraction/GNCZMKN-legacy-a63621c/framework/include/gnc/bootstrap/register_builtin_packages.hpp:83:
C:/Users/17721/Documents/workwork/GNCZMKNBLUEPRINT/build/r0-leg-001/runs/20260809T081000Z/mission-extraction/GNCZMKN-legacy-a63621c/framework/include/gnc/vehicle/process/components/ideal_target_tracking_6dof.hpp: In member function 'virtual void gnc::vehicle::process::IdealTargetTracking6Dof::update(const gnc::core::StepContext&)':
C:/Users/17721/Documents/workwork/GNCZMKNBLUEPRINT/build/r0-leg-001/runs/20260809T081000Z/mission-extraction/GNCZMKN-legacy-a63621c/framework/include/gnc/vehicle/process/components/ideal_target_tracking_6dof.hpp:34:47: warning: unused parameter 'context' [-Wunused-parameter]
   34 |     void update(const gnc::core::StepContext& context) override {
      |                 ~~~~~~~~~~~~~~~~~~~~~~~~~~~~~~^~~~~~~
In file included from C:/Users/17721/Documents/workwork/GNCZMKNBLUEPRINT/build/r0-leg-001/runs/20260809T081000Z/mission-extraction/GNCZMKN-legacy-a63621c/framework/include/gnc/bootstrap/register_builtin_packages.hpp:84:
C:/Users/17721/Documents/workwork/GNCZMKNBLUEPRINT/build/r0-leg-001/runs/20260809T081000Z/mission-extraction/GNCZMKN-legacy-a63621c/framework/include/gnc/vehicle/process/components/ideal_trajectory_planner_6dof.hpp: In member function 'virtual void gnc::vehicle::process::IdealTrajectoryPlanner6Dof::update(const gnc::core::StepContext&)':
C:/Users/17721/Documents/workwork/GNCZMKNBLUEPRINT/build/r0-leg-001/runs/20260809T081000Z/mission-extraction/GNCZMKN-legacy-a63621c/framework/include/gnc/vehicle/process/components/ideal_trajectory_planner_6dof.hpp:34:47: warning: unused parameter 'context' [-Wunused-parameter]
   34 |     void update(const gnc::core::StepContext& context) override {
      |                 ~~~~~~~~~~~~~~~~~~~~~~~~~~~~~~^~~~~~~
In file included from C:/Users/17721/Documents/workwork/GNCZMKNBLUEPRINT/build/r0-leg-001/runs/20260809T081000Z/mission-extraction/GNCZMKN-legacy-a63621c/framework/include/gnc/bootstrap/register_builtin_packages.hpp:101:
C:/Users/17721/Documents/workwork/GNCZMKNBLUEPRINT/build/r0-leg-001/runs/20260809T081000Z/mission-extraction/GNCZMKN-legacy-a63621c/framework/include/gnc/vehicle/output/components/ideal_actuator_3dof.hpp: In member function 'virtual void gnc::vehicle::output::IdealActuator3Dof::update(const gnc::core::StepContext&)':
C:/Users/17721/Documents/workwork/GNCZMKNBLUEPRINT/build/r0-leg-001/runs/20260809T081000Z/mission-extraction/GNCZMKN-legacy-a63621c/framework/include/gnc/vehicle/output/components/ideal_actuator_3dof.hpp:35:47: warning: unused parameter 'context' [-Wunused-parameter]
   35 |     void update(const gnc::core::StepContext& context) override {
      |                 ~~~~~~~~~~~~~~~~~~~~~~~~~~~~~~^~~~~~~
In file included from C:/Users/17721/Documents/workwork/GNCZMKNBLUEPRINT/build/r0-leg-001/runs/20260809T081000Z/mission-extraction/GNCZMKN-legacy-a63621c/framework/include/gnc/bootstrap/register_builtin_packages.hpp:102:
C:/Users/17721/Documents/workwork/GNCZMKNBLUEPRINT/build/r0-leg-001/runs/20260809T081000Z/mission-extraction/GNCZMKN-legacy-a63621c/framework/include/gnc/vehicle/output/components/ideal_actuator_6dof.hpp: In member function 'virtual void gnc::vehicle::output::IdealActuator6Dof::update(const gnc::core::StepContext&)':
C:/Users/17721/Documents/workwork/GNCZMKNBLUEPRINT/build/r0-leg-001/runs/20260809T081000Z/mission-extraction/GNCZMKN-legacy-a63621c/framework/include/gnc/vehicle/output/components/ideal_actuator_6dof.hpp:33:47: warning: unused parameter 'context' [-Wunused-parameter]
   33 |     void update(const gnc::core::StepContext& context) override {
      |                 ~~~~~~~~~~~~~~~~~~~~~~~~~~~~~~^~~~~~~
In file included from C:/Users/17721/Documents/workwork/GNCZMKNBLUEPRINT/build/r0-leg-001/runs/20260809T081000Z/mission-extraction/GNCZMKN-legacy-a63621c/framework/include/gnc/bootstrap/register_builtin_packages.hpp:103:
C:/Users/17721/Documents/workwork/GNCZMKNBLUEPRINT/build/r0-leg-001/runs/20260809T081000Z/mission-extraction/GNCZMKN-legacy-a63621c/framework/include/gnc/vehicle/output/components/zero_aerodynamics_3dof.hpp: In member function 'virtual void gnc::vehicle::output::ZeroAerodynamics3Dof::update(const gnc::core::StepContext&)':
C:/Users/17721/Documents/workwork/GNCZMKNBLUEPRINT/build/r0-leg-001/runs/20260809T081000Z/mission-extraction/GNCZMKN-legacy-a63621c/framework/include/gnc/vehicle/output/components/zero_aerodynamics_3dof.hpp:42:47: warning: unused parameter 'context' [-Wunused-parameter]
   42 |     void update(const gnc::core::StepContext& context) override {
      |                 ~~~~~~~~~~~~~~~~~~~~~~~~~~~~~~^~~~~~~
In file included from C:/Users/17721/Documents/workwork/GNCZMKNBLUEPRINT/build/r0-leg-001/runs/20260809T081000Z/mission-extraction/GNCZMKN-legacy-a63621c/framework/include/gnc/bootstrap/register_builtin_packages.hpp:104:
C:/Users/17721/Documents/workwork/GNCZMKNBLUEPRINT/build/r0-leg-001/runs/20260809T081000Z/mission-extraction/GNCZMKN-legacy-a63621c/framework/include/gnc/vehicle/output/components/zero_aerodynamics_6dof.hpp: In member function 'virtual void gnc::vehicle::output::ZeroAerodynamics6Dof::update(const gnc::core::StepContext&)':
C:/Users/17721/Documents/workwork/GNCZMKNBLUEPRINT/build/r0-leg-001/runs/20260809T081000Z/mission-extraction/GNCZMKN-legacy-a63621c/framework/include/gnc/vehicle/output/components/zero_aerodynamics_6dof.hpp:37:47: warning: unused parameter 'context' [-Wunused-parameter]
   37 |     void update(const gnc::core::StepContext& context) override {
      |                 ~~~~~~~~~~~~~~~~~~~~~~~~~~~~~~^~~~~~~
[100%] Linking CXX executable bin\gnc_sim.exe
[100%] Built target gnc_sim
--- result ---
exit_code: 0
finished_at_utc: 2026-08-09T08:13:56.6078354Z
