name: yyz-mission-configure
started_at_utc: 2026-08-09T08:14:00.0995534Z
working_directory: C:\Users\17721\Documents\workwork\GNCZMKNBLUEPRINT
command: C:\Users\17721\Documents\Soft\MSYS64\mingw64\bin\cmake.exe -S C:\Users\17721\Documents\workwork\GNCZMKNBLUEPRINT\build\r0-leg-001\runs\20260809T081000Z\mission-extraction\GNCZMKN-legacy-a63621c -B C:\Users\17721\Documents\workwork\GNCZMKNBLUEPRINT\build\r0-leg-001\runs\20260809T081000Z\build-mission-yyz -G "MinGW Makefiles" -DBUILD_TESTS=OFF -DGNC_ACTIVE_PROJECT=yyz_cartesian_6dof_framework_9 -DCMAKE_BUILD_TYPE=Release
--- output ---
-- The CXX compiler identification is GNU 15.1.0
-- Detecting CXX compiler ABI info
-- Detecting CXX compiler ABI info - done
-- Check for working CXX compiler: C:/Users/17721/Documents/Soft/MSYS64/mingw64/bin/c++.exe - skipped
-- Detecting CXX compile features
-- Detecting CXX compile features - done
CMake Warning at CMakeLists.txt:34 (message):
  GNC_ACTIVE_PROJECT cache value 'yyz_cartesian_6dof_framework_9' overrides
  user/active_project value 'example_05_ideal_3dof_geographic_baseline'.
System.Management.Automation.RemoteException
System.Management.Automation.RemoteException
-- Component discovery mode: user project
-- Active project: yyz_cartesian_6dof_framework_9
-- Auto-registered user project component headers: 22
-- GNC Simulation Framework v2.0.0
-- C++ Standard: 17
-- Build Type: Release
-- User project components dir: C:/Users/17721/Documents/workwork/GNCZMKNBLUEPRINT/build/r0-leg-001/runs/20260809T081000Z/mission-extraction/GNCZMKN-legacy-a63621c/user/yyz_cartesian_6dof_framework_9/components
-- Auto-register file: C:/Users/17721/Documents/workwork/GNCZMKNBLUEPRINT/build/r0-leg-001/runs/20260809T081000Z/build-mission-yyz/generated/auto_registered_nodes.hpp
-- Configuring done (1.1s)
-- Generating done (0.0s)
-- Build files have been written to: C:/Users/17721/Documents/workwork/GNCZMKNBLUEPRINT/build/r0-leg-001/runs/20260809T081000Z/build-mission-yyz
--- result ---
exit_code: 0
finished_at_utc: 2026-08-09T08:14:01.3580886Z
